SciBmad CESR batch benchmark: 1000 samples x 119 controls
Warmup/compilation batch (2 samples): 439.887 s
Model setup: 0.607 s
Physics: 280.486 s (solve 277.392 + track 3.091), 3.565 samples/s, converged 1000/1000
Output:   /home/jn577/cesr_scibmad/dataset_benchmark/results/formal_1000/scibmad/scibmad_rf_on_samples.csv
Metadata: /home/jn577/cesr_scibmad/dataset_benchmark/results/formal_1000/scibmad/scibmad_rf_on_metadata.toml
	Command being timed: "julia --compiled-modules=existing --pkgimages=existing --threads=1 --project=. dataset_benchmark/benchmark_scibmad.jl"
	User time (seconds): 393.97
	System time (seconds): 2.48
	Percent of CPU this job got: 49%
	Elapsed (wall clock) time (h:mm:ss or m:ss): 13:21.11
	Average shared text size (kbytes): 0
	Average unshared data size (kbytes): 0
	Average stack size (kbytes): 0
	Average total size (kbytes): 0
	Maximum resident set size (kbytes): 1227868
	Average resident set size (kbytes): 0
	Major (requiring I/O) page faults: 7
	Minor (reclaiming a frame) page faults: 385664
	Voluntary context switches: 48
	Involuntary context switches: 25163
	Swaps: 0
	File system inputs: 0
	File system outputs: 8568
	Socket messages sent: 0
	Socket messages received: 0
	Signals delivered: 0
	Page size (bytes): 4096
	Exit status: 0
