Correction timing machine 1: 0.275995667 s
with_all_errors_gtpsa_nominal_corrected machine 1/16 target 1/1 complete (21.2 s machine elapsed)
with_all_errors_gtpsa_nominal_corrected machine 1/16 complete in 21.3 s (elapsed 21.3 s)
Correction timing machine 2: 0.118312042 s
with_all_errors_gtpsa_nominal_corrected machine 2/16 target 1/1 complete (1.3 s machine elapsed)
with_all_errors_gtpsa_nominal_corrected machine 2/16 complete in 1.3 s (elapsed 22.6 s)
Correction timing machine 3: 0.122376291 s
with_all_errors_gtpsa_nominal_corrected machine 3/16 target 1/1 complete (1.4 s machine elapsed)
with_all_errors_gtpsa_nominal_corrected machine 3/16 complete in 1.4 s (elapsed 24.1 s)
Correction timing machine 4: 0.139700708 s
with_all_errors_gtpsa_nominal_corrected machine 4/16 target 1/1 complete (0.9 s machine elapsed)
with_all_errors_gtpsa_nominal_corrected machine 4/16 complete in 0.9 s (elapsed 25.0 s)
Correction timing machine 5: 0.133192292 s
with_all_errors_gtpsa_nominal_corrected machine 5/16 target 1/1 complete (1.2 s machine elapsed)
with_all_errors_gtpsa_nominal_corrected machine 5/16 complete in 1.2 s (elapsed 26.1 s)
Correction timing machine 6: 0.14078875 s
with_all_errors_gtpsa_nominal_corrected machine 6/16 target 1/1 complete (1.3 s machine elapsed)
with_all_errors_gtpsa_nominal_corrected machine 6/16 complete in 1.3 s (elapsed 27.5 s)
Correction timing machine 7: 0.131462 s
with_all_errors_gtpsa_nominal_corrected machine 7/16 target 1/1 complete (1.0 s machine elapsed)
with_all_errors_gtpsa_nominal_corrected machine 7/16 complete in 1.0 s (elapsed 28.5 s)
Correction timing machine 8: 0.119687042 s
with_all_errors_gtpsa_nominal_corrected machine 8/16 target 1/1 complete (1.3 s machine elapsed)
with_all_errors_gtpsa_nominal_corrected machine 8/16 complete in 1.3 s (elapsed 29.8 s)
Correction timing machine 9: 0.107139292 s
with_all_errors_gtpsa_nominal_corrected machine 9/16 target 1/1 complete (1.0 s machine elapsed)
with_all_errors_gtpsa_nominal_corrected machine 9/16 complete in 1.0 s (elapsed 30.8 s)
Correction timing machine 10: 0.125961792 s
with_all_errors_gtpsa_nominal_corrected machine 10/16 target 1/1 complete (0.9 s machine elapsed)
with_all_errors_gtpsa_nominal_corrected machine 10/16 complete in 0.9 s (elapsed 31.7 s)
Correction timing machine 11: 0.112812333 s
with_all_errors_gtpsa_nominal_corrected machine 11/16 target 1/1 complete (1.0 s machine elapsed)
with_all_errors_gtpsa_nominal_corrected machine 11/16 complete in 1.0 s (elapsed 32.8 s)
Correction timing machine 12: 0.126602334 s
with_all_errors_gtpsa_nominal_corrected machine 12/16 target 1/1 complete (1.0 s machine elapsed)
with_all_errors_gtpsa_nominal_corrected machine 12/16 complete in 1.0 s (elapsed 33.8 s)
Correction timing machine 13: 0.107988667 s
with_all_errors_gtpsa_nominal_corrected machine 13/16 target 1/1 complete (1.6 s machine elapsed)
with_all_errors_gtpsa_nominal_corrected machine 13/16 complete in 1.6 s (elapsed 35.4 s)
Correction timing machine 14: 0.121547167 s
with_all_errors_gtpsa_nominal_corrected machine 14/16 target 1/1 complete (1.0 s machine elapsed)
with_all_errors_gtpsa_nominal_corrected machine 14/16 complete in 1.0 s (elapsed 36.5 s)
Correction timing machine 15: 0.112869958 s
with_all_errors_gtpsa_nominal_corrected machine 15/16 target 1/1 complete (1.0 s machine elapsed)
with_all_errors_gtpsa_nominal_corrected machine 15/16 complete in 1.0 s (elapsed 37.5 s)
Correction timing machine 16: 0.132756666 s
with_all_errors_gtpsa_nominal_corrected machine 16/16 target 1/1 complete (1.2 s machine elapsed)
with_all_errors_gtpsa_nominal_corrected machine 16/16 complete in 1.2 s (elapsed 38.7 s)
┌ Warning: Straight multipoles are being used in a curved reference system. Maxwell's equations in free space are not satisfied.
└ @ BeamTrackingBeamlinesExt ~/.julia/packages/BeamTracking/Fzh4e/ext/BeamTrackingBeamlinesExt/yoshida_bl.jl:374
Corrected scans complete: BPM 860.882 -> 126.037 um, target 1265.092 -> 343.152 um 2D
Wrote corrected joint-machine scans to /Users/furinaovo/Documents/Accelerator Physics/Ring_Design_Development/CESR Project/sextupole_misalignment/finite_bpm_inversion/results/runtime_breakdown_20260905/correction_probe/with_all_errors_gtpsa_nominal_corrected
Dict{String, Any}("warm_max_seconds" => 0.14078875, "first_call_seconds" => 0.275995667, "semantics" => "one correction per latent machine; includes SVD, three updates, exact SciBmad trial orbits, readout simulation and validation; excludes nominal ORM setup", "cpu" => "apple-m1", "blas_threads" => 1, "accepted_iterations_by_machine" => [3, 3, 3, 3, 3, 3, 3, 3, 3, 3, 3, 3, 3, 3, 3, 3], "date" => "2026-09-05", "julia" => "1.12.6", "warm_median_seconds" => 0.122376291, "seconds_by_machine" => [0.275995667, 0.118312042, 0.122376291, 0.139700708, 0.133192292, 0.14078875, 0.131462, 0.119687042, 0.107139292, 0.125961792, 0.112812333, 0.126602334, 0.107988667, 0.121547167, 0.112869958, 0.132756666], "warm_min_seconds" => 0.107139292)
