	Command being timed: "python dataset_benchmark/optics/benchmark_bmad_optics.py --sample-count=1000 --delta-step=1e-5 --output-dir=dataset_benchmark/optics/results/bmad_chromatic_fixed_1000"
	User time (seconds): 352.79
	System time (seconds): 2.02
	Percent of CPU this job got: 49%
	Elapsed (wall clock) time (h:mm:ss or m:ss): 11:57.30
	Average shared text size (kbytes): 0
	Average unshared data size (kbytes): 0
	Average stack size (kbytes): 0
	Average total size (kbytes): 0
	Maximum resident set size (kbytes): 328572
	Average resident set size (kbytes): 0
	Major (requiring I/O) page faults: 0
	Minor (reclaiming a frame) page faults: 73886
	Voluntary context switches: 16012
	Involuntary context switches: 57242
	Swaps: 0
	File system inputs: 0
	File system outputs: 207240
	Socket messages sent: 0
	Socket messages received: 0
	Signals delivered: 0
	Page size (bytes): 4096
	Exit status: 0
